<html>
<body>
<pre>
<h1>µVision Build Log</h1>
<h2>Tool Versions:</h2>
IDE-Version: µVision V5.36.0.0
Copyright (C) 2021 ARM Ltd and ARM Germany GmbH. All rights reserved.
License Information: Mevlüt Yildirim, ITU, LIC=Y5IGH-FSYTL-9J56K-CJ6IL-BNK06-D7AQG
 
Tool Versions:
Toolchain:       MDK-ARM Community  Version: 5.36.0.0
Toolchain Path:  C:\Keil_v5\ARM\ARMCLANG\Bin
C Compiler:      ArmClang.exe V6.16
Assembler:       Armasm.exe V6.16
Linker/Locator:  ArmLink.exe V6.16
Library Manager: ArmAr.exe V6.16
Hex Converter:   FromElf.exe V6.16
CPU DLL:         SARMCM3.DLL V5.36.0.0
Dialog DLL:      DARMCM1.DLL V1.19.4.0
Target DLL:      UL2CM3.DLL V1.164.0.0
Dialog DLL:      TARMCM1.DLL V1.14.4.0
 
<h2>Project:</h2>
C:\Users\Dev\Desktop\MS Project\flappy-bird\button-interrupt-lcd-sim.uvprojx
Project File Date:  05/25/2022

<h2>Output:</h2>
*** Using Compiler 'V6.16', folder: 'C:\Keil_v5\ARM\ARMCLANG\Bin'
Build target 'Target 1'
"main.s", line 388: Warning: A1488W: PROC/FUNC at line 42 in 'main.s' without matching ENDP/ENDFUNC
  388 0000017a                  END
"main.s", line 69: Warning: A1581W: Added 2 bytes of padding at address 0x22
   69 00000024                  AREA    main, CODE, READONLY
"main.s", line 388: Warning: A1581W: Added 2 bytes of padding at address 0x17a
  388 0000017c                  END
0 Errors, 3 Warnings
assembling main.s...
linking...
.\Objects\button-interrupt-lcd-sim.sct(8): warning: L6314W: No section matches pattern *(InRoot$$Sections).
Program Size: Code=472 RO-data=154568 RW-data=0 ZI-data=1024  
Finished: 0 information, 1 warning and 0 error messages.
".\Objects\button-interrupt-lcd-sim.axf" - 0 Error(s), 1 Warning(s).

<h2>Software Packages used:</h2>

Package Vendor: ARM
                http://www.keil.com/pack/ARM.CMSIS.5.8.0.pack
                ARM.CMSIS.5.8.0
                CMSIS (Common Microcontroller Software Interface Standard)

<h2>Collection of Component include folders:</h2>
  C:\Users\Dev\AppData\Local\Arm\Packs\ARM\CMSIS\5.8.0\Device\ARM\ARMCM0\Include

<h2>Collection of Component Files used:</h2>
Build Time Elapsed:  00:00:00
</pre>
</body>
</html>
