<!doctype html public "-//w3c//dtd html 4.0 transitional//en">
<html><head>
<title>Static Call Graph - [.\Objects\button-interrupt-lcd-sim.axf]</title></head>
<body><HR>
<H1>Static Call Graph for image .\Objects\button-interrupt-lcd-sim.axf</H1><HR>
<BR><P>#&#060CALLGRAPH&#062# ARM Linker, 6160001: Last Updated: Wed May 25 19:19:07 2022
<BR><P>
<H3>Maximum Stack Usage =          0 bytes + Unknown(Untraceable Function Pointers)</H3><H3>
Call chain for Maximum Stack Depth:</H3>

<P>
<H3>
Function Pointers
</H3><UL>
 <LI><a href="#[1]">Button_Handler</a> from main.o(button) referenced from main.o(RESET)
 <LI><a href="#[0]">Reset_Handler</a> from main.o(.text) referenced from main.o(RESET)
 <LI><a href="#[2]">__main</a> from main.o(main) referenced from main.o(.text)
</UL>
<P>
<H3>
Global Symbols
</H3>
<P><STRONG><a name="[0]"></a>Reset_Handler</STRONG> (Thumb, 12 bytes, Stack size 0 bytes, main.o(.text))
<BR>[Address Reference Count : 1]<UL><LI> main.o(RESET)
</UL>
<P><STRONG><a name="[1]"></a>Button_Handler</STRONG> (Thumb, 34 bytes, Stack size 0 bytes, main.o(button))
<BR>[Address Reference Count : 1]<UL><LI> main.o(RESET)
</UL>
<P><STRONG><a name="[2]"></a>__main</STRONG> (Thumb, 378 bytes, Stack size 0 bytes, main.o(main))
<BR>[Address Reference Count : 1]<UL><LI> main.o(.text)
</UL><P>
<H3>
Local Symbols
</H3><P>
<H3>
Undefined Global Symbols
</H3><HR></body></html>
