Component: ARM Compiler 6.16 Tool: armlink [5dfeaa00]

==============================================================================

Section Cross References

    main.o(RESET) refers to main.o(STACK) for __initial_sp
    main.o(RESET) refers to main.o(.text) for Reset_Handler
    main.o(RESET) refers to main.o(button) for Button_Handler
    main.o(.text) refers to main.o(main) for __main
    main.o(main) refers to image.o(.rodata.image) for image
    main.o(main) refers to bird.o(.rodata.bird) for bird


==============================================================================

Removing Unused input sections from the image.

    Removing image.o(.text), (0 bytes).
    Removing bird.o(.text), (0 bytes).

2 unused section(s) (total 0 bytes) removed from the image.

==============================================================================

Image Symbol Table

    Local Symbols

    Symbol Name                              Value     Ov Type        Size  Object(Section)

    bird.c                                   0x00000000   Number         0  bird.o ABSOLUTE
    image.c                                  0x00000000   Number         0  image.o ABSOLUTE
    main.s                                   0x00000000   Number         0  main.o ABSOLUTE
    RESET                                    0x00000000   Section       68  main.o(RESET)
    .text                                    0x00000044   Section       20  main.o(.text)
    button                                   0x00000058   Section       40  main.o(button)
    main                                     0x00000080   Section      412  main.o(main)
    STACK                                    0x20000000   Section     1024  main.o(STACK)
    __initial_sp                             0x20000400   Data           0  main.o(STACK)

    Global Symbols

    Symbol Name                              Value     Ov Type        Size  Object(Section)

    BuildAttributes$$THM_ISAv3M$S$PE$A:L22$X:L11$S22$IEEE1$IW$~IW$USESV6$~STKCKD$USESV7$~SHL$OSPACE$EBA8$STANDARDLIB$REQ8$EABIv2 0x00000000   Number         0  anon$$obj.o ABSOLUTE
    __Vectors                                0x00000000   Data           4  main.o(RESET)
    Reset_Handler                            0x00000045   Thumb Code    12  main.o(.text)
    __Vectors_End                            0x00000044   Data           0  main.o(RESET)
    Button_Handler                           0x00000059   Thumb Code    34  main.o(button)
    __main                                   0x00000081   Thumb Code   378  main.o(main)
    bird                                     0x0000021c   Data         900  bird.o(.rodata.bird)
    image                                    0x000005a0   Data       153600  image.o(.rodata.image)



==============================================================================

Memory Map of the image

  Image Entry point : 0x00000081

  Load Region LR_IROM1 (Base: 0x00000000, Size: 0x00025da0, Max: 0x00040000, ABSOLUTE)

    Execution Region ER_IROM1 (Exec base: 0x00000000, Load base: 0x00000000, Size: 0x00025da0, Max: 0x00040000, ABSOLUTE)

    Exec Addr    Load Addr    Size         Type   Attr      Idx    E Section Name        Object

    0x00000000   0x00000000   0x00000044   Data   RO            2    RESET               main.o
    0x00000044   0x00000044   0x00000014   Code   RO            3    .text               main.o
    0x00000058   0x00000058   0x00000028   Code   RO            4    button              main.o
    0x00000080   0x00000080   0x0000019c   Code   RO            5  * main                main.o
    0x0000021c   0x0000021c   0x00000384   Data   RO           24    .rodata.bird        bird.o
    0x000005a0   0x000005a0   0x00025800   Data   RO           18    .rodata.image       image.o


    Execution Region RW_IRAM1 (Exec base: 0x20000000, Load base: 0x00025da0, Size: 0x00000400, Max: 0x00020000, ABSOLUTE)

    Exec Addr    Load Addr    Size         Type   Attr      Idx    E Section Name        Object

    0x20000000        -       0x00000400   Zero   RW            1    STACK               main.o


==============================================================================

Image component sizes


      Code (inc. data)   RO Data    RW Data    ZI Data      Debug   Object Name

         0          0        900          0          0        332   bird.o
         0          0     153600          0          0        337   image.o
       472         48         68          0       1024       1084   main.o

    ----------------------------------------------------------------------
       472         48     154568          0       1024       1753   Object Totals
         0          0          0          0          0          0   (incl. Generated)
         0          0          0          0          0          0   (incl. Padding)

    ----------------------------------------------------------------------
         0          0          0          0          0          0   Library Totals
         0          0          0          0          0          0   (incl. Padding)

    ----------------------------------------------------------------------

==============================================================================


      Code (inc. data)   RO Data    RW Data    ZI Data      Debug   

       472         48     154568          0       1024       1649   Grand Totals
       472         48     154568          0       1024       1649   ELF Image Totals
       472         48     154568          0          0          0   ROM Totals

==============================================================================

    Total RO  Size (Code + RO Data)               155040 ( 151.41kB)
    Total RW  Size (RW Data + ZI Data)              1024 (   1.00kB)
    Total ROM Size (Code + RO Data + RW Data)     155040 ( 151.41kB)

==============================================================================

